ERROR:root:This is Error
WARNING:root:This is Warning
CRITICAL:root:This Is critical
DEBUG:root:This is DEBUG
INFO:root:This is Info
ERROR:root:This is Error
WARNING:root:This is Warning
CRITICAL:root:This Is critical
2022-06-07 14:21:39,851 DEBUG This is DEBUG 
2022-06-07 14:21:39,851 INFO This is Info 
2022-06-07 14:21:39,851 ERROR This is Error 
2022-06-07 14:21:39,851 WARNING This is Warning 
2022-06-07 14:21:39,851 CRITICAL This Is critical 
06/07/22 02:06:1654592005 PM DEBUG This is DEBUG
06/07/22 02:06:1654592005 PM INFO This is Info
06/07/22 02:06:1654592005 PM ERROR This is Error
06/07/22 02:06:1654592005 PM WARNING This is Warning
06/07/22 02:06:1654592005 PM CRITICAL This Is critical
06/07/22 02:06:1654592200 PM DEBUG This is DEBUG
06/07/22 02:06:1654592200 PM INFO This is Info
06/07/22 02:06:1654592200 PM ERROR This is Error
06/07/22 02:06:1654592200 PM WARNING This is Warning
06/07/22 02:06:1654592200 PM CRITICAL This Is critical
